// Jest Snapshot v1, https://goo.gl/fbAQLP

exports[`TableHeader should match snapshot 1`] = `
<thead
  className="table-head"
>
  <tr>
    <th />
    <th>
      Player
      <Connect(Sort)
        playerKey="name"
      />
    </th>
    <th>
      Winnings
      <Connect(Sort)
        playerKey="winnings"
      />
    </th>
    <th>
      Native of
      <Connect(Sort)
        playerKey="country"
      />
    </th>
    <th
      className="is-hidden-mobile"
    >
      Controls
    </th>
  </tr>
</thead>
`;
